<!DOCTYPE html>
<html>
<head>
<meta http-equiv="Content-Type" content="text/html; charset=utf-8" />
<base href=".." />
<link rel="stylesheet" href="style.css" type="text/css" />
<style type="text/css">
body {
    font-family: Arial, sans-serif;
    margin: 0;
    padding: 0;
}
#body {
    margin: 0px auto;
    width: 800px;
    border: 1px solid #ccc;
}
#footer {
    border-top: 1px solid #ccc;
    padding: 1em 0;
    text-align: center;
}
</style>
<title>fixtures/template.jsx - JSXDoc</title>
</head>
<body>
<div id="body">
<div class="jsxdoc">
<div class="file">
<h1>fixtures/template.jsx</h1>
<div class="description">
An example to use class templates
</div>
</div><!--/file-->
<div class="classes">
<div class="class" id="class-Queue">
<h2> class <strong>Queue</strong>.&lt;T&gt;</h2>

<div class="member function">
<h3>
new <strong>Queue</strong>()
</h3>

</div>
<div class="member function">
<h3>
 function <strong>enqueue</strong>(value : T)
 : void
</h3>

</div>
<div class="member function">
<h3>
 function <strong>dequeue</strong>()
 : T
</h3>

</div>
<div class="member function">
<h3>
 function <strong>isEmpty</strong>()
 : boolean
</h3>

</div>
</div>
</div>
</div><!--/jsxdoc-->

<div id="footer">
<p class="jsxdoc-notice">This document was automatically generated by <a href="http://jsx.github.io/">JSX</a> 0.9.66<br />
at 2013-10-16T17:14:32.558Z.</p>

</div>
</div>
</body>
</html>
